%!Adobe-FontList 1.18
%Locale:0x412

%BeginFont
Handler:DirectoryHandler
FontType:Invalid
OutlineFileName:E:\Homepage\03_Sejong\Font\a반달곰.eot
FileModTime:1487692160
%EndFont

%BeginFont
Handler:DirectoryHandler
FontType:TrueType
FontName:KoreanBDG-R
FamilyName:KoreanBDGR
StyleName:Regular
FullName:KoreanBDGR
MenuName:a반달곰
StyleBits:0
FamilyNameNative:a반달곰
StyleNameNative:Regular
FullNameNative:a반달곰
WritingScript:Korean
OutlineFileName:E:\Homepage\03_Sejong\Font\a반달곰.ttf
DataFormat:sfntData
hasSVG:no
FileLength:1188044
FileModTime:1487692160
WeightClass:400
WidthClass:5
AngleClass:0
NameArray:0,Win,1,KoreanBDGR
NameArray:0,Win,16,KoreanBDGR
NameArray:3,Win,1,a반달곰
NameArray:3,Win,16,a반달곰
%EndFont

%BeginFont
Handler:DirectoryHandler
FontType:Invalid
OutlineFileName:E:\Homepage\03_Sejong\Font\a반달곰.woff
FileModTime:1487692160
%EndFont

%BeginFont
Handler:DirectoryHandler
FontType:TrueType
FontName:KoreanBDG-R
FamilyName:KoreanBDGR
StyleName:Regular
FullName:KoreanBDGR
MenuName:a반달곰
StyleBits:0
FamilyNameNative:a반달곰
StyleNameNative:Regular
FullNameNative:a반달곰
WritingScript:Korean
OutlineFileName:E:\Homepage\03_Sejong\Font\sfnt2woff\a반달곰.ttf
DataFormat:sfntData
hasSVG:no
FileLength:1188044
FileModTime:1487692160
WeightClass:400
WidthClass:5
AngleClass:0
NameArray:0,Win,1,KoreanBDGR
NameArray:0,Win,16,KoreanBDGR
NameArray:3,Win,1,a반달곰
NameArray:3,Win,16,a반달곰
%EndFont

%BeginFont
Handler:DirectoryHandler
FontType:Invalid
OutlineFileName:E:\Homepage\03_Sejong\Font\sfnt2woff\a반달곰.woff
FileModTime:1487692160
%EndFont

%BeginFont
Handler:DirectoryHandler
FontType:Invalid
OutlineFileName:E:\Homepage\03_Sejong\Font\sfnt2woff\sfnt2woff.exe
FileModTime:1487692160
%EndFont

%BeginFont
Handler:DirectoryHandler
FontType:Invalid
OutlineFileName:E:\Homepage\03_Sejong\Font\eotfast-2-22-10\a반달곰.eot
FileModTime:1487692160
%EndFont

%BeginFont
Handler:DirectoryHandler
FontType:TrueType
FontName:KoreanBDG-R
FamilyName:KoreanBDGR
StyleName:Regular
FullName:KoreanBDGR
MenuName:a반달곰
StyleBits:0
FamilyNameNative:a반달곰
StyleNameNative:Regular
FullNameNative:a반달곰
WritingScript:Korean
OutlineFileName:E:\Homepage\03_Sejong\Font\eotfast-2-22-10\a반달곰.ttf
DataFormat:sfntData
hasSVG:no
FileLength:1188044
FileModTime:1487692160
WeightClass:400
WidthClass:5
AngleClass:0
NameArray:0,Win,1,KoreanBDGR
NameArray:0,Win,16,KoreanBDGR
NameArray:3,Win,1,a반달곰
NameArray:3,Win,16,a반달곰
%EndFont

%BeginFont
Handler:DirectoryHandler
FontType:Invalid
OutlineFileName:E:\Homepage\03_Sejong\Font\eotfast-2-22-10\EOTFAST-1.EXE
FileModTime:1487692160
%EndFont

